{
  "OBSERVED": {
    "CHEMBL3301370": {
      "row_count": 1102,
      "unique_identifiers": 1102,
      "invalid_structure_rows": 0,
      "unique_valid_structures": 1102,
      "duplicated_structure_groups": 0,
      "excess_duplicate_rows": 0
    },
    "CHEMBL3301371": {
      "row_count": 837,
      "unique_identifiers": 837,
      "invalid_structure_rows": 0,
      "unique_valid_structures": 837,
      "duplicated_structure_groups": 0,
      "excess_duplicate_rows": 0
    },
    "CHEMBL3301372": {
      "row_count": 408,
      "unique_identifiers": 408,
      "invalid_structure_rows": 0,
      "unique_valid_structures": 408,
      "duplicated_structure_groups": 0,
      "excess_duplicate_rows": 0
    },
    "Clearance_Microsome_AZ": {
      "row_count": 1102,
      "unique_identifiers": 1102,
      "invalid_structure_rows": 0,
      "unique_valid_structures": 1102,
      "duplicated_structure_groups": 0,
      "excess_duplicate_rows": 0
    },
    "Clearance_Hepatocyte_AZ": {
      "row_count": 1213,
      "unique_identifiers": 1020,
      "invalid_structure_rows": 0,
      "unique_valid_structures": 1020,
      "duplicated_structure_groups": 193,
      "excess_duplicate_rows": 193
    },
    "Biogen": {
      "row_count": 3521,
      "unique_identifiers": 3521,
      "invalid_structure_rows": 0,
      "unique_valid_structures": 3521,
      "duplicated_structure_groups": 0,
      "excess_duplicate_rows": 0
    }
  },
  "species": {
    "OBSERVED": {
      "row_counts": {
        "rat_only": 609,
        "human_only": 183,
        "both": 405,
        "neither": 16,
        "ambiguous_unparseable": 0
      },
      "unique_valid_structure_counts": {
        "rat_only": 609,
        "human_only": 183,
        "both": 218,
        "neither": 10,
        "ambiguous_unparseable": 0
      },
      "numeric_label_match_row_counts": {
        "both": 31,
        "human_only": 370,
        "rat_only": 796,
        "unresolved": 16
      },
      "duplicate_label_groups": {
        "different": 193
      },
      "duplicate_trace_groups": {
        "distinct_labels_match_rat_and_human": 187,
        "partial_or_unresolved": 6
      }
    },
    "INFERRED": {
      "claim_status": "REPRODUCED",
      "decision_rule": "REPRODUCED requires both rat-only and human-only structure matches with exactly matching numeric source labels. PARTIALLY_REPRODUCED requires label-specific matches to both species without both exclusive structural witnesses; otherwise NOT_REPRODUCED. Censored matches identify numeric boundaries only."
    },
    "UNRESOLVED": "Historical lineage cannot be proven by equality alone. A shared structure/label can map to both species; retain ambiguity. Species uses ChEMBL assay organism/taxonomy, never target magnitude."
  },
  "microsome": {
    "OBSERVED": {
      "structure_overlap": 1097,
      "tdc_only_structures": 5,
      "chembl_only_structures": 5,
      "tdc_rows_with_exact_numeric_match": 1097,
      "tdc_rows_structure_matched_without_numeric_match": 0,
      "tdc_unmatched_rows": 5,
      "chembl_unmatched_rows": 5,
      "tdc_rows_with_multiple_candidates": 0,
      "qualifier_reconciliation_candidate_pairs": {
        "<": {
          "candidate_pairs": 274,
          "numeric_equal_pairs": 274,
          "tdc_inequality_present_pairs": 0
        },
        ">": {
          "candidate_pairs": 84,
          "numeric_equal_pairs": 84,
          "tdc_inequality_present_pairs": 0
        },
        "None": {
          "candidate_pairs": 739,
          "numeric_equal_pairs": 739,
          "tdc_inequality_present_pairs": 0
        }
      },
      "original_to_standard_numeric_equal_rows": 1102,
      "chembl_standard_units": {
        "mL.min-1.g-1": 1102
      },
      "chembl_original_units": {
        "microL/min/mg": 1102
      },
      "tdc_raw_unit_column": null
    },
    "INFERRED": "mL/min/g and microL/min/mg are dimensionally and numerically equivalent (unit conversion in numerator and denominator cancels). Exact numeric matches require no target transformation; retained boundary numbers without inequality strings indicate censor information is absent from the TDC table. This is not physiological scaling.",
    "UNRESOLVED": "The TDC table has no units or censoring field. Numeric agreement supports, but cannot independently establish, source lineage or unit annotation. No claim about undocumented historical processing is made."
  },
  "paired": {
    "id_overlap_n": 187,
    "canonical_structure_overlap_n": 187,
    "shared_ids": [
      "CHEMBL1017",
      "CHEMBL1020",
      "CHEMBL103667",
      "CHEMBL1071",
      "CHEMBL108",
      "CHEMBL1088752",
      "CHEMBL1089518",
      "CHEMBL1091137",
      "CHEMBL11",
      "CHEMBL112",
      "CHEMBL114",
      "CHEMBL1144",
      "CHEMBL1164729",
      "CHEMBL1194325",
      "CHEMBL12",
      "CHEMBL1201753",
      "CHEMBL1204759",
      "CHEMBL1213118",
      "CHEMBL1232461",
      "CHEMBL1256967",
      "CHEMBL12610",
      "CHEMBL1276308",
      "CHEMBL1346",
      "CHEMBL1355736",
      "CHEMBL1363",
      "CHEMBL1371",
      "CHEMBL139",
      "CHEMBL1405150",
      "CHEMBL141157",
      "CHEMBL1427959",
      "CHEMBL1463345",
      "CHEMBL1464",
      "CHEMBL1483",
      "CHEMBL1513",
      "CHEMBL1575409",
      "CHEMBL1614705",
      "CHEMBL1645392",
      "CHEMBL1688458",
      "CHEMBL1689109",
      "CHEMBL1689110",
      "CHEMBL1689111",
      "CHEMBL1689117",
      "CHEMBL1689119",
      "CHEMBL1689126",
      "CHEMBL1689127",
      "CHEMBL1689128",
      "CHEMBL1689133",
      "CHEMBL1689135",
      "CHEMBL1689137",
      "CHEMBL17157",
      "CHEMBL1734492",
      "CHEMBL1761322",
      "CHEMBL1773254",
      "CHEMBL1778628",
      "CHEMBL1778639",
      "CHEMBL1778644",
      "CHEMBL1779512",
      "CHEMBL1790041",
      "CHEMBL1800526",
      "CHEMBL1800528",
      "CHEMBL1800659",
      "CHEMBL1807820",
      "CHEMBL1807821",
      "CHEMBL1807823",
      "CHEMBL1807827",
      "CHEMBL1807829",
      "CHEMBL1829174",
      "CHEMBL1829763",
      "CHEMBL1834184",
      "CHEMBL1835918",
      "CHEMBL1852508",
      "CHEMBL1874317",
      "CHEMBL1900528",
      "CHEMBL1916271",
      "CHEMBL1916272",
      "CHEMBL1916282",
      "CHEMBL1916288",
      "CHEMBL1916289",
      "CHEMBL1917443",
      "CHEMBL1917450",
      "CHEMBL1917456",
      "CHEMBL1917458",
      "CHEMBL1917459",
      "CHEMBL192",
      "CHEMBL1929039",
      "CHEMBL193",
      "CHEMBL1934426",
      "CHEMBL1938400",
      "CHEMBL1939560",
      "CHEMBL1944691",
      "CHEMBL1945033",
      "CHEMBL1947157",
      "CHEMBL1951575",
      "CHEMBL196707",
      "CHEMBL2017291",
      "CHEMBL2018964",
      "CHEMBL2018969",
      "CHEMBL20210",
      "CHEMBL203059",
      "CHEMBL2036958",
      "CHEMBL205078",
      "CHEMBL2057371",
      "CHEMBL2057372",
      "CHEMBL2058529",
      "CHEMBL2062774",
      "CHEMBL2070950",
      "CHEMBL2137199",
      "CHEMBL2141746",
      "CHEMBL2147032",
      "CHEMBL2147033",
      "CHEMBL2147475",
      "CHEMBL2158771",
      "CHEMBL2158785",
      "CHEMBL2158792",
      "CHEMBL2158793",
      "CHEMBL2158826",
      "CHEMBL2158839",
      "CHEMBL217899",
      "CHEMBL2181753",
      "CHEMBL2181926",
      "CHEMBL2181927",
      "CHEMBL2207669",
      "CHEMBL2216859",
      "CHEMBL2216870",
      "CHEMBL23",
      "CHEMBL2326623",
      "CHEMBL2326624",
      "CHEMBL232846",
      "CHEMBL2349318",
      "CHEMBL235789",
      "CHEMBL2364624",
      "CHEMBL256668",
      "CHEMBL257025",
      "CHEMBL271012",
      "CHEMBL272705",
      "CHEMBL35",
      "CHEMBL360227",
      "CHEMBL361546",
      "CHEMBL361812",
      "CHEMBL370492",
      "CHEMBL380732",
      "CHEMBL380947",
      "CHEMBL38380",
      "CHEMBL402501",
      "CHEMBL402728",
      "CHEMBL402986",
      "CHEMBL403225",
      "CHEMBL403313",
      "CHEMBL408",
      "CHEMBL42",
      "CHEMBL423",
      "CHEMBL451",
      "CHEMBL457",
      "CHEMBL46",
      "CHEMBL46740",
      "CHEMBL472",
      "CHEMBL49",
      "CHEMBL5",
      "CHEMBL551170",
      "CHEMBL551813",
      "CHEMBL552512",
      "CHEMBL553",
      "CHEMBL560219",
      "CHEMBL560423",
      "CHEMBL560993",
      "CHEMBL565755",
      "CHEMBL570015",
      "CHEMBL578194",
      "CHEMBL580",
      "CHEMBL583042",
      "CHEMBL589973",
      "CHEMBL62136",
      "CHEMBL682",
      "CHEMBL6966",
      "CHEMBL71",
      "CHEMBL72",
      "CHEMBL723",
      "CHEMBL782",
      "CHEMBL787",
      "CHEMBL82663",
      "CHEMBL833",
      "CHEMBL841",
      "CHEMBL894",
      "CHEMBL945",
      "CHEMBL95",
      "CHEMBL956",
      "CHEMBL957"
    ],
    "id_structure_disagreement_or_ambiguity": [],
    "shared_structures_without_shared_id": 0,
    "shared_structures_with_multiple_rows_or_ids": 0
  },
  "biogen_non_null_hlm": 3087
}
