Traceback (most recent call last):
  File "C:\Users\Don\continuum discovery\continuum-discovery-1\experiments\compound_to_exposure\.venv\Lib\site-packages\pandas\core\indexes\base.py", line 3641, in get_loc
    return self._engine.get_loc(casted_key)
           ^^^^^^^^^^^^^^^^^^^^^^^^^^^^^^^^
  File "pandas/_libs/index.pyx", line 168, in pandas._libs.index.IndexEngine.get_loc
  File "pandas/_libs/index.pyx", line 197, in pandas._libs.index.IndexEngine.get_loc
  File "pandas/_libs/hashtable_class_helper.pxi", line 7668, in pandas._libs.hashtable.PyObjectHashTable.get_item
  File "pandas/_libs/hashtable_class_helper.pxi", line 7676, in pandas._libs.hashtable.PyObjectHashTable.get_item
KeyError: 'canonical_smiles_rdkit'

The above exception was the direct cause of the following exception:

Traceback (most recent call last):
  File "C:\Users\Don\continuum discovery\continuum-discovery-1\experiments\compound_to_exposure\src\run.py", line 117, in main
    res = execute_v2(run_dir, master_partition_path, dry_run=False, preflight=True)
          ^^^^^^^^^^^^^^^^^^^^^^^^^^^^^^^^^^^^^^^^^^^^^^^^^^^^^^^^^^^^^^^^^^^^^^^^^
  File "C:\Users\Don\continuum discovery\continuum-discovery-1\experiments\compound_to_exposure\src\execute_v2.py", line 269, in execute_v2
    X_bio1_r1 = np.array([get_r1_vector(s) for s in df_bio1_pf[BIOGEN_STRUCTURE_COLUMN]])
                                                    ~~~~~~~~~~^^^^^^^^^^^^^^^^^^^^^^^^^
  File "C:\Users\Don\continuum discovery\continuum-discovery-1\experiments\compound_to_exposure\.venv\Lib\site-packages\pandas\core\frame.py", line 4378, in __getitem__
    indexer = self.columns.get_loc(key)
              ^^^^^^^^^^^^^^^^^^^^^^^^^
  File "C:\Users\Don\continuum discovery\continuum-discovery-1\experiments\compound_to_exposure\.venv\Lib\site-packages\pandas\core\indexes\base.py", line 3648, in get_loc
    raise KeyError(key) from err
KeyError: 'canonical_smiles_rdkit'
