Traceback (most recent call last):
  File "C:\Users\Don\AppData\Roaming\uv\python\cpython-3.11.16-windows-x86_64-none\Lib\urllib\request.py", line 1348, in do_open
    h.request(req.get_method(), req.selector, req.data, headers,
  File "C:\Users\Don\AppData\Roaming\uv\python\cpython-3.11.16-windows-x86_64-none\Lib\http\client.py", line 1351, in request
    self._send_request(method, url, body, headers, encode_chunked)
  File "C:\Users\Don\AppData\Roaming\uv\python\cpython-3.11.16-windows-x86_64-none\Lib\http\client.py", line 1397, in _send_request
    self.endheaders(body, encode_chunked=encode_chunked)
  File "C:\Users\Don\AppData\Roaming\uv\python\cpython-3.11.16-windows-x86_64-none\Lib\http\client.py", line 1346, in endheaders
    self._send_output(message_body, encode_chunked=encode_chunked)
  File "C:\Users\Don\AppData\Roaming\uv\python\cpython-3.11.16-windows-x86_64-none\Lib\http\client.py", line 1106, in _send_output
    self.send(msg)
  File "C:\Users\Don\AppData\Roaming\uv\python\cpython-3.11.16-windows-x86_64-none\Lib\http\client.py", line 1044, in send
    self.connect()
  File "C:\Users\Don\AppData\Roaming\uv\python\cpython-3.11.16-windows-x86_64-none\Lib\http\client.py", line 1516, in connect
    super().connect()
  File "C:\Users\Don\AppData\Roaming\uv\python\cpython-3.11.16-windows-x86_64-none\Lib\http\client.py", line 1010, in connect
    self.sock = self._create_connection(
                ^^^^^^^^^^^^^^^^^^^^^^^^
  File "C:\Users\Don\AppData\Roaming\uv\python\cpython-3.11.16-windows-x86_64-none\Lib\socket.py", line 863, in create_connection
    raise exceptions[0]
  File "C:\Users\Don\AppData\Roaming\uv\python\cpython-3.11.16-windows-x86_64-none\Lib\socket.py", line 848, in create_connection
    sock.connect(sa)
PermissionError: [WinError 10013] An attempt was made to access a socket in a way forbidden by its access permissions

During handling of the above exception, another exception occurred:

Traceback (most recent call last):
  File "C:\Users\Don\continuum discovery\continuum-discovery-1\experiments\cryptic_pockets_bclxl\src\run.py", line 249, in main
    outputs = acquisition()
              ^^^^^^^^^^^^^
  File "C:\Users\Don\continuum discovery\continuum-discovery-1\experiments\cryptic_pockets_bclxl\src\run.py", line 63, in acquisition
    with urllib.request.urlopen(request, timeout=60) as response:
         ^^^^^^^^^^^^^^^^^^^^^^^^^^^^^^^^^^^^^^^^^^^
  File "C:\Users\Don\AppData\Roaming\uv\python\cpython-3.11.16-windows-x86_64-none\Lib\urllib\request.py", line 216, in urlopen
    return opener.open(url, data, timeout)
           ^^^^^^^^^^^^^^^^^^^^^^^^^^^^^^^
  File "C:\Users\Don\AppData\Roaming\uv\python\cpython-3.11.16-windows-x86_64-none\Lib\urllib\request.py", line 519, in open
    response = self._open(req, data)
               ^^^^^^^^^^^^^^^^^^^^^
  File "C:\Users\Don\AppData\Roaming\uv\python\cpython-3.11.16-windows-x86_64-none\Lib\urllib\request.py", line 536, in _open
    result = self._call_chain(self.handle_open, protocol, protocol +
             ^^^^^^^^^^^^^^^^^^^^^^^^^^^^^^^^^^^^^^^^^^^^^^^^^^^^^^^
  File "C:\Users\Don\AppData\Roaming\uv\python\cpython-3.11.16-windows-x86_64-none\Lib\urllib\request.py", line 496, in _call_chain
    result = func(*args)
             ^^^^^^^^^^^
  File "C:\Users\Don\AppData\Roaming\uv\python\cpython-3.11.16-windows-x86_64-none\Lib\urllib\request.py", line 1391, in https_open
    return self.do_open(http.client.HTTPSConnection, req,
           ^^^^^^^^^^^^^^^^^^^^^^^^^^^^^^^^^^^^^^^^^^^^^^
  File "C:\Users\Don\AppData\Roaming\uv\python\cpython-3.11.16-windows-x86_64-none\Lib\urllib\request.py", line 1351, in do_open
    raise URLError(err)
urllib.error.URLError: <urlopen error [WinError 10013] An attempt was made to access a socket in a way forbidden by its access permissions>
